<html>
<body>
<pre>
<h1>礦ision Build Log</h1>
<h2>Tool Versions:</h2>
IDE-Version: μVision V5.28.0.0
Copyright (C) 2019 ARM Ltd and ARM Germany GmbH. All rights reserved.
License Information: 1 YamiHana, 1, LIC=ZB4EI-TVNBU-ARRXW-QZ0MX-7FG8G-XFI7M
 
Tool Versions:
Toolchain:       MDK-ARM Plus  Version: 5.28.0.0
Toolchain Path:  D:\Keil_v5\ARM\ARMCC\Bin
C Compiler:      Armcc.exe V5.06 update 6 (build 750)
Assembler:       Armasm.exe V5.06 update 6 (build 750)
Linker/Locator:  ArmLink.exe V5.06 update 6 (build 750)
Library Manager: ArmAr.exe V5.06 update 6 (build 750)
Hex Converter:   FromElf.exe V5.06 update 6 (build 750)
CPU DLL:         SARMCM3.DLL V5.28.0.0
Dialog DLL:      DCM.DLL V1.17.3.0
Target DLL:      CMSIS_AGDI.dll V1.31.18.0
Dialog DLL:      TCM.DLL V1.36.2.0
 
<h2>Project:</h2>
D:\学习资料\野火F103\项目工程\ShinnPi Project\Project.uvprojx
Project File Date:  04/22/2024

<h2>Output:</h2>
*** Using Compiler 'V5.06 update 6 (build 750)', folder: 'D:\Keil_v5\ARM\ARMCC\Bin'
Rebuild target 'Target 1'
assembling startup_stm32f10x_hd.s...
compiling bsp_led.c...
compiling tim.c...
compiling stm32f10x_it.c...
compiling system_stm32f10x.c...
compiling bsp_ldr.c...
compiling bsp_usart.c...
compiling bsp_dht11.c...
USER\dht11\bsp_dht11.c(122): warning:  #223-D: function "TIM2_delayus" declared implicitly
  		DHT11_DELAY_US(40); //延时x us 这个延时需要大于数据0持续的时间即可	   	  
USER\dht11\bsp_dht11.c(153): warning:  #223-D: function "TIM2_delayms" declared implicitly
  	DHT11_DELAY_MS(18);
USER\dht11\bsp_dht11.c(158): warning:  #223-D: function "TIM2_delayus" declared implicitly
  	DHT11_DELAY_US(30);   //延时30us
USER\dht11\bsp_dht11.c: 3 warnings, 0 errors
compiling fonts.c...
compiling mqtt.c...
compiling bsp_spi_flash.c...
compiling bsp_ili9341_lcd.c...
compiling nvic.c...
compiling main.c...
compiling bsp_exti.c...
compiling bsp_sdio_sdcard.c...
compiling syscall.c...
compiling ccsbcs.c...
compiling bsp_beep.c...
compiling steering.c...
compiling rain.c...
compiling fire.c...
compiling key.c...
compiling bsp_esp8266.c...
compiling led.c...
compiling tjpgd.c...
USER\tjpgd\src\tjpgd.c(505): warning:  #188-D: enumerated type mixed with another type
  		if (b < 0) return 0 - b;				/* Err: invalid code or input */
USER\tjpgd\src\tjpgd.c(509): warning:  #188-D: enumerated type mixed with another type
  			if (e < 0) return 0 - e;			/* Err: input */
USER\tjpgd\src\tjpgd.c(527): warning:  #188-D: enumerated type mixed with another type
  			if (b < 0) return 0 - b;			/* Err: invalid code or input error */
USER\tjpgd\src\tjpgd.c(535): warning:  #188-D: enumerated type mixed with another type
  				if (d < 0) return 0 - d;		/* Err: input device */
USER\tjpgd\src\tjpgd.c(848): warning:  #188-D: enumerated type mixed with another type
  			rc = create_huffman_tbl(jd, seg, len);
USER\tjpgd\src\tjpgd.c(858): warning:  #188-D: enumerated type mixed with another type
  			rc = create_qt_tbl(jd, seg, len);
USER\tjpgd\src\tjpgd.c: 6 warnings, 0 errors
compiling shake.c...
compiling ff.c...
compiling diskio.c...
compiling misc.c...
compiling jpgPort.c...
USER\tjpgd\src\jpgPort.c(44): warning:  #940-D: missing return statement at end of non-void function "in_func" 
  }
USER\tjpgd\src\jpgPort.c: 1 warning, 0 errors
compiling stm32f10x_gpio.c...
compiling stm32f10x_i2c.c...
compiling stm32f10x_rcc.c...
compiling stm32f10x_exti.c...
compiling stm32f10x_usart.c...
compiling stm32f10x_spi.c...
compiling stm32f10x_fsmc.c...
compiling stm32f10x_adc.c...
compiling stm32f10x_tim.c...
compiling stm32f10x_bkp.c...
compiling stm32f10x_dbgmcu.c...
compiling stm32f10x_crc.c...
compiling stm32f10x_cec.c...
compiling stm32f10x_dac.c...
compiling stm32f10x_can.c...
compiling stm32f10x_dma.c...
compiling stm32f10x_flash.c...
compiling stm32f10x_iwdg.c...
compiling stm32f10x_pwr.c...
compiling stm32f10x_rtc.c...
compiling stm32f10x_wwdg.c...
compiling stm32f10x_sdio.c...
linking...
Program Size: Code=32240 RO-data=19588 RW-data=132 ZI-data=22524  
FromELF: creating hex file...
".\Output\Project.axf" - 0 Error(s), 10 Warning(s).

<h2>Software Packages used:</h2>

Package Vendor: Keil
                http://www.keil.com/pack/Keil.STM32F1xx_DFP.1.1.0.pack
                Keil.STM32F1xx_DFP.1.1.0
                STMicroelectronics STM32F1 Series Device Support, Drivers and Examples

<h2>Collection of Component include folders:</h2>
  .\RTE\_Target_1
  D:\Keil_v5\ARM\PACK\Keil\STM32F1xx_DFP\1.1.0\Device\Include

<h2>Collection of Component Files used:</h2>
Build Time Elapsed:  00:00:04
</pre>
</body>
</html>
